---
source: Crates/Tui/src/tests/render.rs
expression: ui.screen()
---
 ← skillmirror  ·  javedab.com  ·  sync

 Select skills to sync   2 / 2 selected
 / to filter
      skill               projects
> [✓] astro               1 project   1 to update
  [✓] coding              2 projects  2 to update

         ╭ Sync 2 skills in 2 projects? ──────────────────────────────╮
         │                                                            │
         │ Updates 3 skill folders: 1 file added, 3 files changed, 2  │
         │ files removed.                                             │
         │ removes astro/my_notes.md in projects/one                  │
         │ removes coding/old/draft.md in projects/two                │
         │                                                            │
         │               [ y  Sync ]        [ n  Cancel ]             │
         ╰────────────────────────────────────────────────────────────╯





 rows 1–2 of 2
 y/enter confirm • n/esc cancel • ctrl+c quit
